#/*
# * This file is part of the TangoMan Shoe Shell Microframework package.
# *
# * Copyright (c) 2024 "Matthias Morin" <mat@tangoman.io>
# *
# * This source file is subject to the MIT license that is bundled
# * with this source code in the file LICENSE.
# */

../common/header.sh
description.sh

../common/dividers/constants.sh
constants.sh

../common/dividers/options.sh
options.sh

../common/dividers/flags.sh
flags.sh

../common/dividers/functions.sh

app/cache.sh
app/clear_exports.sh
app/create_db.sh
app/export_csv.sh
app/export_json.sh
app/import.sh
app/reset_db.sh
app/scrape_syntec.sh
app/scrape_wttj.sh
app/status.sh

app_install/install.sh
app_install/rm_env.sh
app_install/section.sh
app_install/set_env.sh
app_install/uninstall.sh

ci_cd/_get_phpunit.sh
ci_cd/check_drivers.sh
ci_cd/coverage.sh
ci_cd/lint.sh
ci_cd/lint_fix.sh
ci_cd/lint_grump.sh
ci_cd/lint_phpstan.sh
ci_cd/security.sh
ci_cd/tests.sh
ci_cd/tests_behat.sh
ci_cd/tests_functional.sh
ci_cd/tests_integration.sh
ci_cd/tests_unit.sh
ci_cd/update.sh

database/_get_database_type.sh
database/_is_database_installed.sh
database/alice.sh
database/database_import.sh
database/drop.sh
database/fixtures.sh
database/generate_schema.sh
database/migrate.sh
database/migration_diff.sh
database/mysqldump.sh
database/pg_dump.sh
database/psql.sh
database/schema.sh
database/truncate.sh

development/_are_vendors_installed.sh
development/_dotenv.sh
development/_get_httpduser.sh
development/certificates.sh
development/certificates_remove.sh
development/composer_install.sh
development/cron.sh
development/cron_scan.sh
development/generate_jwt.sh
development/hosts.sh
development/own.sh
development/remove_hosts.sh
development/serve.sh
development/version.sh

docker/_is_running.sh
docker/_own.sh
docker/_permissions.sh
docker/build.sh
docker/container_ip.sh
docker/container_name.sh
docker/docker_logs.sh
docker/fix_permissions.sh
docker/generate_app_secret.sh
docker/images_remove.sh
docker/network.sh
docker/network_remove.sh
docker/open.sh
docker/permissions.sh
docker/remove_symlink.sh
docker/shell.sh
docker/start.sh
docker/stop.sh
docker/symlink.sh
docker/up.sh

front/assetic.sh
front/assets_install.sh
front/ckeditor.sh
front/encore.sh
front/encore_watch.sh
front/sass_build.sh
front/sass_watch.sh



../common/hooks/divider.sh
../common/hooks/_before.sh
../common/hooks/_after_sm.sh

#--------------------------------------------------
# Framework
#--------------------------------------------------

../common/dividers/framework.sh

../common/colors/divider.sh
../common/colors/colors_constants.sh
../common/colors/colors.sh

../common/install/section.sh
../common/install/self_install.sh
../common/install/self_uninstall.sh
../common/install/self_update.sh
../common/install/_get_comspec.sh
../common/install/_copy_install.sh
../common/install/_remove_completion_autoload.sh
../common/install/_generate_autocomplete.sh
../common/install/_set_completion_autoload.sh
../common/install/_generate_global_autocomplete.sh
../common/install/_symlink_install.sh
../common/install/_uninstall.sh
../common/install/_update.sh

../common/documentation/section.sh
../common/documentation/generate_doc.sh
../common/documentation/_generate_doc.sh

../common/help/section.sh
../common/help/help_xl.sh
../common/help/_get_padding.sh
../common/help/_print_title.sh
../common/help/_print_infos.sh
../common/help/_print_description.sh
../common/help/_print_usage.sh
../common/help/_print_flags.sh
../common/help/_print_constants.sh
../common/help/_print_options.sh
../common/help/_print_commands.sh

../common/docbloc/divider.sh
../common/docbloc/_get_docbloc.sh
../common/docbloc/_get_docbloc_description.sh
../common/docbloc/_get_docbloc_title.sh

../common/compatibility/divider.sh
../common/compatibility/_open.sh
../common/compatibility/_sed_i.sh

../common/system/divider.sh
../common/system/_is_installed.sh
../common/system/_is_root.sh
../common/system/_pwd.sh
../common/system/_require.sh
../common/system/_user_exists.sh

../common/validation/divider.sh
../common/validation/_is_valid.sh
../common/validation/_validate.sh

../common/reflexion/divider.sh
../common/reflexion/_get_constants.sh
../common/reflexion/_get_constraint.sh
../common/reflexion/_get_flags.sh
../common/reflexion/_get_functions_names.sh
../common/reflexion/_get_options.sh

../common/strings/divider.sh
../common/strings/_collapse_blank_lines.sh

../common/main/main_lg.sh

../common/footer.sh

