install.sh
uninstall.sh
set_env.sh
rm_env.sh
cache.sh
clear_exports.sh
export_csv.sh
export_json.sh
import.sh
scrape_syntec.sh
scrape_wttj.sh
status.sh
alice.sh
create_db.sh
database_import.sh
drop.sh
fixtures.sh
mysqldump.sh
migrate.sh
migration_diff.sh
pg_dump.sh
psql.sh
reset_db.sh
schema.sh
truncate.sh
check_drivers.sh
coverage.sh
lint.sh
lint_fix.sh
lint_grump.sh
lint_phpstan.sh
security.sh
tests.sh
tests_unit.sh
tests_integration.sh
tests_functional.sh
tests_behat.sh
update.sh
build.sh
container_ip.sh
container_name.sh
docker_logs.sh
network.sh
network_remove.sh
images_remove.sh
open.sh
permissions.sh
shell.sh
start.sh
stop.sh
up.sh
certificates.sh
certificates_remove.sh
composer_install.sh
cron.sh
cron_scan.sh
generate_app_secret.sh
hosts.sh
remove_hosts.sh
fix_permissions.sh
generate_jwt.sh
generate_schema.sh
hooks.sh
own.sh
serve.sh
symlink.sh
remove_symlink.sh
version.sh
assetic.sh
assets_install.sh
ckeditor.sh
encore.sh
encore_watch.sh
sass_build.sh
sass_watch.sh
self_install.sh
self_uninstall.sh
generate_doc.sh
_dotenv.sh
_get_database_type.sh
_get_httpduser.sh
_get_phpunit.sh
_is_database_installed.sh
_are_vendors_installed.sh
_is_root.sh
_own.sh
_permissions.sh
_user_exists.sh
_is_running.sh
_wait_for_postgres.sh
_wait_for_rabbit.sh
_before.sh
_after.sh
echo_primary.sh
echo_secondary.sh
echo_success.sh
echo_danger.sh
echo_warning.sh
echo_info.sh
echo_light.sh
echo_dark.sh
echo_label.sh
echo_error.sh
alert_primary.sh
alert_secondary.sh
alert_success.sh
alert_danger.sh
alert_warning.sh
alert_info.sh
alert_light.sh
alert_dark.sh
help.sh
_print_title.sh
_print_infos.sh
_print_description.sh
_print_usage.sh
_print_constants.sh
_print_flags.sh
_print_options.sh
_print_commands.sh
_generate_doc.sh
_get_docbloc_title.sh
_get_docbloc_description.sh
_get_docbloc.sh
_get_padding.sh
_symlink_install.sh
_copy_install.sh
_uninstall.sh
_update.sh
_set_autocomplete.sh
_set_global_autocomplete.sh
_comspec.sh
_set_completion_autoload.sh
_remove_completion_autoload.sh
_open.sh
_sed_i.sh
_is_root.sh
_require.sh
_is_installed.sh
_get_constraints.sh
_validate.sh
_is_valid.sh
_get_functions_names.sh
_get_variables.sh
_get_flags.sh
_main.sh
