#/*
# * This file is part of the TangoMan Shoe Shell Microframework package.
# *
# * Copyright (c) 2024 "Matthias Morin" <mat@tangoman.io>
# *
# * This source file is subject to the MIT license that is bundled
# * with this source code in the file LICENSE.
# */

../common/header.sh
description.sh

../common/dividers/constants.sh
constants.sh

../common/dividers/options.sh
options.sh

../common/dividers/functions.sh

install/section.sh
install/up.sh
install/set_env.sh
install/requirements.sh
install/uninstall.sh

local/section.sh
local/open.sh
local/clear.sh
local/backup.sh
local/restore.sh

security/section.sh
security/password.sh

lets_encrypt/section.sh
lets_encrypt/letsencrypt.sh
lets_encrypt/acme.sh
lets_encrypt/email.sh

certificates/section.sh
certificates/certs.sh
certificates/remove_certs.sh

network/section.sh
network/network.sh
network/remove_network.sh

docker/section.sh
docker/build.sh
docker/start.sh
docker/stop.sh

ci_cd/section.sh
ci_cd/lint.sh
ci_cd/lint_yaml.sh
ci_cd/lint_shell.sh

../common/hooks/divider.sh
../common/hooks/_default.sh
_before.sh
../common/hooks/_after_sm.sh

#--------------------------------------------------
# Framework
#--------------------------------------------------

../common/dividers/framework.sh

../common/colors/divider.sh
../common/colors/colors_constants.sh
../common/colors/colors.sh

../common/install/section.sh
../common/install/self_install.sh
../common/install/self_uninstall.sh
../common/install/_symlink_install.sh
../common/install/_copy_install.sh
../common/install/_generate_autocomplete.sh
../common/install/_generate_global_autocomplete.sh
../common/install/_get_comspec.sh
../common/install/_remove_completion_autoload.sh
../common/install/_set_completion_autoload.sh
../common/install/_uninstall.sh
../common/install/_update.sh

../common/documentation/section.sh
../common/documentation/generate_doc.sh
../common/documentation/_generate_doc.sh

../common/help/section.sh
../common/help/help_sm.sh
../common/help/_get_padding.sh
../common/help/_print_title.sh
../common/help/_print_infos.sh
../common/help/_print_description.sh
../common/help/_print_usage.sh
../common/help/_print_flags.sh
../common/help/_print_options.sh
../common/help/_print_commands.sh

../common/docbloc/divider.sh
../common/docbloc/_get_docbloc_title.sh
../common/docbloc/_get_docbloc_description.sh
../common/docbloc/_get_docbloc.sh

../common/compatibility/divider.sh
../common/compatibility/_open.sh
../common/compatibility/_sed_i.sh

../common/strings/divider.sh
../common/strings/_collapse_blank_lines.sh

../common/system/divider.sh
../common/system/_check_installed.sh
../common/system/_is_installed.sh
../common/system/_is_root.sh
../common/system/_pwd.sh
../common/system/_require.sh

../common/validation/divider.sh
../common/validation/_validate.sh
../common/validation/_is_valid.sh

../common/reflexion/divider.sh
../common/reflexion/_get_constants.sh
../common/reflexion/_get_constraint.sh
../common/reflexion/_get_flags.sh
../common/reflexion/_get_functions_names.sh
../common/reflexion/_get_options.sh

../common/main/main_md.sh

../common/footer.sh

