# This file is part of the TangoMan package.
#
# (c) "Matthias Morin" <mat@tangoman.io>
#
# This source file is subject to the MIT license that is bundled
# with this source code in the file LICENSE.

../../src/shell/header.sh
description.sh

../../src/shell/dividers/constants.sh
constants.sh

../../src/shell/dividers/options.sh
options.sh

../../src/shell/dividers/flags.sh
flags.sh

../../src/shell/dividers/private_constants.sh
private_constants.sh

../../src/shell/dividers/global_variables.sh
global_variables.sh

../../src/shell/dividers/functions.sh
hello.sh
flag_test.sh

../../src/shell/dividers/private_functions.sh
_private.sh

#--------------------------------------------------
# Install
#--------------------------------------------------

../../src/shell/install/section.sh
../../src/shell/install/self_install.sh
../../src/shell/install/self_uninstall.sh
../../src/shell/install/self_update.sh

#--------------------------------------------------
# Documentation
#--------------------------------------------------

../../src/shell/documentation/section.sh
../../src/shell/documentation/generate_doc.sh

#--------------------------------------------------
# Make
#--------------------------------------------------

../../src/shell/make/section.sh
../../src/shell/make/generate_makefile.sh

#--------------------------------------------------
# Help
#--------------------------------------------------

../../src/shell/help/section.sh
../../src/shell/help/help.sh

#--------------------------------------------------
# Hooks
#--------------------------------------------------

../../src/shell/hooks/divider.sh
../../src/shell/hooks/_default.sh
../../src/shell/hooks/_before.sh
../../src/shell/hooks/_after.sh

#--------------------------------------------------
# Framework
#--------------------------------------------------

../../src/shell/dividers/framework.sh

#--------------------------------------------------
# Android
#--------------------------------------------------

../../src/shell/android/divider.sh
../../src/shell/android/_adb_connect.sh
../../src/shell/android/_adb_sideload.sh
../../src/shell/android/_adb_start_server.sh
../../src/shell/android/_fastboot_lock.sh
../../src/shell/android/_fastboot_unlock.sh
../../src/shell/android/_fastboot_wipe.sh
../../src/shell/android/_flash_img.sh
../../src/shell/android/_get_apk_label.sh
../../src/shell/android/_get_apk_package_name.sh
../../src/shell/android/_get_apk_path.sh
../../src/shell/android/_get_apk_version.sh
../../src/shell/android/_install_apk.sh
../../src/shell/android/_is_apk_installed.sh
../../src/shell/android/_is_device_connected_with_adb.sh
../../src/shell/android/_is_device_connected_with_fastboot.sh
../../src/shell/android/_list_installed_apks.sh
../../src/shell/android/_pull_apk.sh
../../src/shell/android/_reboot_bootloader.sh
../../src/shell/android/_reboot_recovery.sh
../../src/shell/android/_reboot_system.sh
../../src/shell/android/_reboot_with_img.sh
../../src/shell/android/_remove_apk.sh
../../src/shell/android/_toggle_active_slot.sh

#--------------------------------------------------
# Bashdoc
#--------------------------------------------------

../../src/shell/shoedoc/divider.sh
../../src/shell/shoedoc/_get_shoedoc_description.sh
../../src/shell/shoedoc/_get_shoedoc.sh
../../src/shell/shoedoc/_get_shoedoc_tag.sh
../../src/shell/shoedoc/_get_shoedoc_title.sh
../../src/shell/shoedoc/_get_script_shoedoc.sh

#--------------------------------------------------
# Colors
#--------------------------------------------------

../../src/shell/colors/divider.sh
../../src/shell/colors/constants_echo_colors.sh
../../src/shell/colors/constants_alert_colors.sh
../../src/shell/colors/colors.sh

#--------------------------------------------------
# Compatibility
#--------------------------------------------------

../../src/shell/compatibility/divider.sh
../../src/shell/compatibility/_open.sh
../../src/shell/compatibility/_sed_i.sh

#--------------------------------------------------
# Docker
#--------------------------------------------------

../../src/shell/docker/divider.sh
../../src/shell/docker/_docker_compose_build.sh
../../src/shell/docker/_docker_compose_start.sh
../../src/shell/docker/_docker_compose_stop.sh
../../src/shell/docker/_docker_exec.sh
../../src/shell/docker/_docker_kill_all.sh
../../src/shell/docker/_docker_rm.sh
../../src/shell/docker/_docker_run_atmoz_sftp.sh
../../src/shell/docker/_docker_run.sh
../../src/shell/docker/_docker_run_whoami.sh
../../src/shell/docker/_docker_status.sh
../../src/shell/docker/_find_container_name.sh
../../src/shell/docker/_get_container_id.sh
../../src/shell/docker/_get_container_ip.sh
../../src/shell/docker/_get_container_name.sh
../../src/shell/docker/_get_docker_compose.sh
../../src/shell/docker/_is_container_running.sh
../../src/shell/docker/_wait_for_postgres.sh
../../src/shell/docker/_wait_for_rabbit.sh

#--------------------------------------------------
# Documentation
#--------------------------------------------------

../../src/shell/documentation/divider.sh
../../src/shell/documentation/_generate_doc.sh

#--------------------------------------------------
# Files
#--------------------------------------------------

../../src/shell/files/divider.sh
../../src/shell/files/_get_file_extension.sh
../../src/shell/files/_move.sh

#--------------------------------------------------
# Git
#--------------------------------------------------

../../src/shell/git/divider.sh
../../src/shell/git/_git_hooks.sh
../../src/shell/git/_initialise_submodules.sh

#--------------------------------------------------
# Help
#--------------------------------------------------

../../src/shell/help/divider.sh
../../src/shell/help/_help.sh
../../src/shell/help/_print_commands.sh
../../src/shell/help/_print_constants.sh
../../src/shell/help/_print_description.sh
../../src/shell/help/_print_flags.sh
../../src/shell/help/_print_infos.sh
../../src/shell/help/_print_options.sh
../../src/shell/help/_print_usage.sh

#--------------------------------------------------
# Self Install
#--------------------------------------------------

../../src/shell/install/divider.sh
../../src/shell/install/_copy_install.sh
../../src/shell/install/_generate_autocomplete.sh
../../src/shell/install/_generate_global_autocomplete.sh
../../src/shell/install/_get_comspec.sh
../../src/shell/install/_install.sh
../../src/shell/install/_remove_completion_autoload.sh
../../src/shell/install/_set_completion_autoload.sh
../../src/shell/install/_symlink_install.sh
../../src/shell/install/_uninstall.sh
../../src/shell/install/_update.sh

#--------------------------------------------------
# Make
#--------------------------------------------------

../../src/shell/make/divider.sh
../../src/shell/make/_generate_makefile.sh

#--------------------------------------------------
# Network
#--------------------------------------------------

../../src/shell/network/divider.sh
../../src/shell/network/_open_in_default_browser.sh
../../src/shell/network/_php_serve.sh
../../src/shell/network/_py_serve.sh
../../src/shell/network/_remove_host.sh
../../src/shell/network/_set_host.sh

#--------------------------------------------------
# Prompts
#--------------------------------------------------

../../src/shell/prompts/divider.sh
../../src/shell/prompts/_select.sh
../../src/shell/prompts/_yes_no.sh

#--------------------------------------------------
# Reflexion
#--------------------------------------------------

../../src/shell/reflexion/divider.sh
../../src/shell/reflexion/_get_constants.sh
../../src/shell/reflexion/_get_constraint.sh
../../src/shell/reflexion/_get_flags.sh
../../src/shell/reflexion/_get_function.sh
../../src/shell/reflexion/_get_function_annotation.sh
../../src/shell/reflexion/_get_functions_names.sh
../../src/shell/reflexion/_get_options.sh
../../src/shell/reflexion/_get_padding.sh
../../src/shell/reflexion/_get_parameter.sh
../../src/shell/reflexion/_parse_annotation.sh
../../src/shell/reflexion/_set_parameter.sh

#--------------------------------------------------
# Strings
#--------------------------------------------------

../../src/shell/strings/divider.sh
../../src/shell/strings/_collapse_blank_lines.sh
../../src/shell/strings/_generate_key.sh

#--------------------------------------------------
# System
#--------------------------------------------------

../../src/shell/system/divider.sh
../../src/shell/system/_check_installed.sh
../../src/shell/system/_get_package_manager.sh
../../src/shell/system/_get_package_name.sh
../../src/shell/system/_is_checksum_valid.sh
../../src/shell/system/_is_gnome.sh
../../src/shell/system/_is_installed.sh
../../src/shell/system/_is_root.sh
../../src/shell/system/_pwd.sh
../../src/shell/system/_remove.sh
../../src/shell/system/_require.sh
../../src/shell/system/_spin.sh
../../src/shell/system/_user_exists.sh

#--------------------------------------------------
# Validation
#--------------------------------------------------

../../src/shell/validation/divider.sh
../../src/shell/validation/_is_valid.sh
../../src/shell/validation/_validate.sh

#--------------------------------------------------
# Kernel
#--------------------------------------------------

../../src/shell/kernel/divider.sh
../../src/shell/kernel/kernel.sh
../../src/shell/footer.sh

