../../src/shell/header.sh

## TangoMan Shoe
##
## Simplify your shell scripting workflow with self-documenting
## shell scripts with robust argument validation. Just prefix a
## comment with two pound signs (##) on the line above any
## function or variable to generate helpful documentation using
## the "help" command.
##
## Warning: Functions and variables names should not contain dashes.
##
## @author  "Matthias Morin" <mat@tangoman.io>
## @version 1.0.0
## @license MIT
## @link    https://github.com/TangoMan75/shoe
## @update  https://raw.githubusercontent.com/TangoMan75/shoe/refs/heads/main/shoe.sh

#--------------------------------------------------
# Place your constants after this line
#--------------------------------------------------
./constants.sh

#--------------------------------------------------
# Place your options after this line
#--------------------------------------------------
./options.sh

#--------------------------------------------------
# Place your flags after this line
#--------------------------------------------------
./flags.sh

#--------------------------------------------------
# Place your private constants after this line
#--------------------------------------------------
./private_constants.sh

#--------------------------------------------------
# Place your global variables after this line
#--------------------------------------------------
./global_variables.sh

#--------------------------------------------------
# Place your functions after this line
#--------------------------------------------------
./hello.sh
./flag_test.sh

#--------------------------------------------------
# Place your private functions after this line
#--------------------------------------------------
./_private.sh

##################################################
### Self Install
##################################################
../../src/shell/install/self_install.sh
../../src/shell/install/self_uninstall.sh
../../src/shell/install/self_update.sh

##################################################
### Documentation
##################################################
../../src/shell/documentation/generate_doc.sh

##################################################
### Make
##################################################
../../src/shell/make/generate_makefile.sh

##################################################
### Help
##################################################
../../src/shell/help/help.sh

#--------------------------------------------------
#_ Hooks
#--------------------------------------------------
../../src/shell/hooks/_default.sh
../../src/shell/hooks/_before.sh
../../src/shell/hooks/_after.sh

###################################################
# TangoMan Shoe Shell Microframework
###################################################

#--------------------------------------------------
# Generated code : Do not edit below this line
#--------------------------------------------------

#--------------------------------------------------
#_ Android
#--------------------------------------------------
../../src/shell/android/_adb_connect.sh
../../src/shell/android/_adb_sideload.sh
../../src/shell/android/_adb_start_server.sh
../../src/shell/android/_fastboot_lock.sh
../../src/shell/android/_fastboot_unlock.sh
../../src/shell/android/_fastboot_wipe.sh
../../src/shell/android/_flash_img.sh
../../src/shell/android/_get_apk_label.sh
../../src/shell/android/_get_apk_package_name.sh
../../src/shell/android/_get_apk_path.sh
../../src/shell/android/_get_apk_version.sh
../../src/shell/android/_install_apk.sh
../../src/shell/android/_is_apk_installed.sh
../../src/shell/android/_is_device_connected_with_adb.sh
../../src/shell/android/_is_device_connected_with_fastboot.sh
../../src/shell/android/_list_installed_apks.sh
../../src/shell/android/_pull_apk.sh
../../src/shell/android/_reboot_bootloader.sh
../../src/shell/android/_reboot_recovery.sh
../../src/shell/android/_reboot_system.sh
../../src/shell/android/_reboot_with_img.sh
../../src/shell/android/_remove_apk.sh
../../src/shell/android/_toggle_active_slot.sh

#--------------------------------------------------
#_ Bashdoc
#--------------------------------------------------
../../src/shell/shoedoc/_get_shoedoc_description.sh
../../src/shell/shoedoc/_get_shoedoc.sh
../../src/shell/shoedoc/_get_shoedoc_tag.sh
../../src/shell/shoedoc/_get_shoedoc_title.sh
../../src/shell/shoedoc/_get_script_shoedoc.sh

#--------------------------------------------------
#_ Colors
#--------------------------------------------------
../../src/shell/colors/constants_echo_colors.sh
../../src/shell/colors/constants_alert_colors.sh
../../src/shell/colors/colors.sh

#--------------------------------------------------
#_ Compatibility
#--------------------------------------------------
../../src/shell/compatibility/_open.sh
../../src/shell/compatibility/_sed_i.sh

#--------------------------------------------------
#_ Docker
#--------------------------------------------------
../../src/shell/docker/_docker_compose_build.sh
../../src/shell/docker/_docker_compose_start.sh
../../src/shell/docker/_docker_compose_stop.sh
../../src/shell/docker/_docker_exec.sh
../../src/shell/docker/_docker_kill_all.sh
../../src/shell/docker/_docker_rm.sh
../../src/shell/docker/_docker_run_atmoz_sftp.sh
../../src/shell/docker/_docker_run.sh
../../src/shell/docker/_docker_run_whoami.sh
../../src/shell/docker/_docker_status.sh
../../src/shell/docker/_find_container_name.sh
../../src/shell/docker/_get_container_id.sh
../../src/shell/docker/_get_container_ip.sh
../../src/shell/docker/_get_container_name.sh
../../src/shell/docker/_get_docker_compose.sh
../../src/shell/docker/_is_container_running.sh
../../src/shell/docker/_wait_for_postgres.sh
../../src/shell/docker/_wait_for_rabbit.sh

#--------------------------------------------------
#_ Documentation
#--------------------------------------------------
../../src/shell/documentation/_generate_doc.sh

#--------------------------------------------------
#_ Files
#--------------------------------------------------
../../src/shell/files/_get_file_extension.sh
../../src/shell/files/_move.sh

#--------------------------------------------------
#_ Git
#--------------------------------------------------
../../src/shell/git/_git_hooks.sh
../../src/shell/git/_initialise_submodules.sh

#--------------------------------------------------
#_ Help
#--------------------------------------------------
../../src/shell/help/_help.sh
../../src/shell/help/_print_commands.sh
../../src/shell/help/_print_constants.sh
../../src/shell/help/_print_description.sh
../../src/shell/help/_print_flags.sh
../../src/shell/help/_print_infos.sh
../../src/shell/help/_print_options.sh
../../src/shell/help/_print_usage.sh

#--------------------------------------------------
#_ Install
#--------------------------------------------------
../../src/shell/install/_copy_install.sh
../../src/shell/install/_generate_autocomplete.sh
../../src/shell/install/_generate_global_autocomplete.sh
../../src/shell/install/_get_comspec.sh
../../src/shell/install/_install.sh
../../src/shell/install/_remove_completion_autoload.sh
../../src/shell/install/_set_completion_autoload.sh
../../src/shell/install/_symlink_install.sh
../../src/shell/install/_uninstall.sh
../../src/shell/install/_update.sh

#--------------------------------------------------
#_ Make
#--------------------------------------------------
../../src/shell/make/_generate_makefile.sh

#--------------------------------------------------
#_ Network
#--------------------------------------------------
../../src/shell/network/_open_in_default_browser.sh
../../src/shell/network/_php_serve.sh
../../src/shell/network/_py_serve.sh
../../src/shell/network/_remove_host.sh
../../src/shell/network/_set_host.sh

#--------------------------------------------------
#_ Prompts
#--------------------------------------------------
../../src/shell/prompts/_select.sh
../../src/shell/prompts/_yes_no.sh

#--------------------------------------------------
#_ Reflexion
#--------------------------------------------------
../../src/shell/reflexion/_get_constants.sh
../../src/shell/reflexion/_get_constraint.sh
../../src/shell/reflexion/_get_flags.sh
../../src/shell/reflexion/_get_function.sh
../../src/shell/reflexion/_get_function_annotation.sh
../../src/shell/reflexion/_get_functions_names.sh
../../src/shell/reflexion/_get_options.sh
../../src/shell/reflexion/_get_padding.sh
../../src/shell/reflexion/_get_parameter.sh
../../src/shell/reflexion/_parse_annotation.sh
../../src/shell/reflexion/_set_parameter.sh

#--------------------------------------------------
#_ Strings
#--------------------------------------------------
../../src/shell/strings/_collapse_blank_lines.sh
../../src/shell/strings/_generate_key.sh

#--------------------------------------------------
#_ System
#--------------------------------------------------
../../src/shell/system/_check_installed.sh
../../src/shell/system/_get_package_manager.sh
../../src/shell/system/_get_package_name.sh
../../src/shell/system/_is_checksum_valid.sh
../../src/shell/system/_is_gnome.sh
../../src/shell/system/_is_installed.sh
../../src/shell/system/_is_root.sh
../../src/shell/system/_pwd.sh
../../src/shell/system/_remove.sh
../../src/shell/system/_require.sh
../../src/shell/system/_spin.sh
../../src/shell/system/_user_exists.sh

#--------------------------------------------------
#_ Validation
#--------------------------------------------------
../../src/shell/validation/_is_valid.sh
../../src/shell/validation/_validate.sh

#--------------------------------------------------
#_ Kernel
#--------------------------------------------------
../../src/shell/kernel/kernel.sh
../../src/shell/footer.sh

